200=$anuncio.httpStatus
9600=$agentes.responseBody.idCliente
SÃ£o Paulo=$agentes.responseBody.nomeCidade
TESTE AGENTEA=$agentes.responseBody.nomeCliente
9=$agentes.responseBody.qtdAnunciosAtivos
5=$agentes.responseBody.qtdAnunciosPublicoAgente
4=$agentes.responseBody.cliente.qtdAnunciosPublicoAgenteAtivo
1=$agentes.responseBody.cliente.qtdPaginas
0=$agentes.responseBody.cliente.qtdPedido
SP=$agentes.responseBody.cliente.ufEstado