200=$anuncio.httpStatus
9739=$agentes.responseBody.idCliente
SÃ£o Paulo=$agentes.responseBody.nomeCidade
AGENTE VM=$agentes.responseBody.nomeCliente
3=$agentes.responseBody.qtdAnunciosAtivos
5=$agentes.responseBody.qtdAnunciosPublicoAgente
0=$agentes.responseBody.cliente.qtdAnunciosPublicoAgenteAtivo
5=$agentes.responseBody.cliente.qtdPaginas
0=$agentes.responseBody.cliente.qtdPedido
SP=$agentes.responseBody.cliente.ufEstado