200=$login.httpStatus
1=$login.responseBody.idTipoCliente