200=$pedido.httpStatus
SÃ£o Paulo=$pedido.responseBody.cidades[0].nomeCidade
1=$pedido.responseBody.tipoImoveis[0].id
Apartamento=$pedido.responseBody.tipoImoveis[0].nomeTipo